// Jest Snapshot v1, https://goo.gl/fbAQLP

exports[`render Stack 1`] = `
<div
  className="sequence-step"
>
  <div
    className="ui divider"
  />
  <div
    atached="top"
    className="ui mini fluid steps"
    width={2}
  >
    <div
      className="completed step"
      onClick={[Function]}
    >
      <i
        aria-hidden="true"
        className="window maximize icon"
        onClick={[Function]}
      />
      <div
        className="content"
      >
        <div
          className="title"
        >
          Select Assignment
        </div>
        <div
          className="description"
        >
          Select assignment for Upload
        </div>
      </div>
    </div>
    <div
      className="active step"
      onClick={[Function]}
    >
      <i
        aria-hidden="true"
        className="table icon"
        onClick={[Function]}
      />
      <div
        className="content"
      >
        <div
          className="title"
        >
           View Versions
        </div>
        <div
          className="description"
        >
          View | Download Versions
        </div>
      </div>
    </div>
  </div>
</div>
`;
