// Jest Snapshot v1, https://goo.gl/fbAQLP

exports[`render Stack 1`] = `
<div
  className="sequence-step"
>
  <div
    atached="top"
    className="ui mini fluid steps"
    width={2}
  >
    <div
      className="completed step"
      onClick={[Function]}
    >
      <div
        className="content"
      >
        <div
          className="title"
        >
          Select Assignment
        </div>
      </div>
    </div>
    <div
      className="active step"
      onClick={[Function]}
    >
      <div
        className="content"
      >
        <div
          className="title"
        >
           View Versions
        </div>
      </div>
    </div>
  </div>
  <div
    className="ui divider"
  />
</div>
`;
